[0.009s][info][gc] Using Serial
[3.825s][info][gc] GC(0) Pause Young (Allocation Failure) 4M->2M(15M) 4.131ms
[3.913s][info][gc] GC(1) Pause Young (Allocation Failure) 6M->2M(15M) 3.388ms
[3.980s][info][gc] GC(2) Pause Young (Allocation Failure) 7M->3M(15M) 2.147ms
[4.138s][info][gc] GC(3) Pause Young (Allocation Failure) 7M->3M(15M) 2.602ms
[8.368s][info][gc] GC(4) Pause Young (Allocation Failure) 7M->4M(15M) 3.965ms
[42.392s][info][gc] GC(5) Pause Young (Allocation Failure) 8M->4M(15M) 2.762ms
[47.302s][info][gc] GC(6) Pause Young (Allocation Failure) 8M->4M(15M) 0.756ms
[47.322s][info][gc] GC(7) Pause Young (Allocation Failure) 8M->4M(15M) 0.889ms
[47.337s][info][gc] GC(8) Pause Young (Allocation Failure) 8M->4M(15M) 0.670ms
[47.357s][info][gc] GC(9) Pause Young (Allocation Failure) 8M->4M(15M) 0.685ms
[47.371s][info][gc] GC(10) Pause Young (Allocation Failure) 8M->4M(15M) 0.713ms
[47.386s][info][gc] GC(11) Pause Young (Allocation Failure) 8M->4M(15M) 0.805ms
[47.400s][info][gc] GC(12) Pause Young (Allocation Failure) 8M->4M(15M) 0.780ms
[47.411s][info][gc] GC(13) Pause Young (Allocation Failure) 8M->4M(15M) 0.839ms
[47.422s][info][gc] GC(14) Pause Young (Allocation Failure) 8M->4M(15M) 0.767ms
[47.435s][info][gc] GC(15) Pause Young (Allocation Failure) 8M->4M(15M) 0.818ms
[47.446s][info][gc] GC(16) Pause Young (Allocation Failure) 8M->4M(15M) 0.849ms
[47.457s][info][gc] GC(17) Pause Young (Allocation Failure) 8M->4M(15M) 0.860ms
[47.468s][info][gc] GC(18) Pause Young (Allocation Failure) 8M->4M(15M) 0.773ms
[47.478s][info][gc] GC(19) Pause Young (Allocation Failure) 8M->4M(15M) 0.525ms
[47.488s][info][gc] GC(20) Pause Young (Allocation Failure) 8M->4M(15M) 0.639ms
[47.498s][info][gc] GC(21) Pause Young (Allocation Failure) 8M->4M(15M) 0.596ms
[47.508s][info][gc] GC(22) Pause Young (Allocation Failure) 8M->4M(15M) 0.571ms
[47.518s][info][gc] GC(23) Pause Young (Allocation Failure) 9M->4M(15M) 0.542ms
[47.528s][info][gc] GC(24) Pause Young (Allocation Failure) 9M->4M(15M) 0.534ms
[47.538s][info][gc] GC(25) Pause Young (Allocation Failure) 9M->4M(15M) 0.523ms
[47.548s][info][gc] GC(26) Pause Young (Allocation Failure) 9M->4M(15M) 0.552ms
[47.558s][info][gc] GC(27) Pause Young (Allocation Failure) 9M->4M(15M) 0.520ms
[47.568s][info][gc] GC(28) Pause Young (Allocation Failure) 9M->4M(15M) 0.529ms
[47.577s][info][gc] GC(29) Pause Young (Allocation Failure) 9M->4M(15M) 0.550ms
[47.587s][info][gc] GC(30) Pause Young (Allocation Failure) 9M->4M(15M) 0.510ms
[47.597s][info][gc] GC(31) Pause Young (Allocation Failure) 9M->4M(15M) 0.537ms
[47.606s][info][gc] GC(32) Pause Young (Allocation Failure) 9M->4M(15M) 0.521ms
[47.616s][info][gc] GC(33) Pause Young (Allocation Failure) 9M->4M(15M) 0.527ms
[47.625s][info][gc] GC(34) Pause Young (Allocation Failure) 9M->4M(15M) 0.490ms
[47.635s][info][gc] GC(35) Pause Young (Allocation Failure) 9M->4M(15M) 0.539ms
[47.645s][info][gc] GC(36) Pause Young (Allocation Failure) 9M->4M(15M) 0.571ms
[47.654s][info][gc] GC(37) Pause Young (Allocation Failure) 9M->4M(15M) 0.520ms
[47.664s][info][gc] GC(38) Pause Young (Allocation Failure) 9M->4M(15M) 0.538ms
[47.673s][info][gc] GC(39) Pause Young (Allocation Failure) 9M->4M(15M) 0.571ms
[47.682s][info][gc] GC(40) Pause Young (Allocation Failure) 9M->5M(15M) 0.547ms
[47.691s][info][gc] GC(41) Pause Young (Allocation Failure) 9M->5M(15M) 0.507ms
[47.700s][info][gc] GC(42) Pause Young (Allocation Failure) 9M->5M(15M) 0.491ms
[47.709s][info][gc] GC(43) Pause Young (Allocation Failure) 9M->5M(15M) 0.534ms
[47.718s][info][gc] GC(44) Pause Young (Allocation Failure) 9M->5M(15M) 0.521ms
[47.728s][info][gc] GC(45) Pause Young (Allocation Failure) 9M->5M(15M) 0.466ms
[47.738s][info][gc] GC(46) Pause Young (Allocation Failure) 9M->5M(15M) 0.503ms
[47.747s][info][gc] GC(47) Pause Young (Allocation Failure) 9M->5M(15M) 0.510ms
[47.757s][info][gc] GC(48) Pause Young (Allocation Failure) 9M->5M(15M) 0.505ms
[47.767s][info][gc] GC(49) Pause Young (Allocation Failure) 9M->5M(15M) 0.510ms
[47.777s][info][gc] GC(50) Pause Young (Allocation Failure) 9M->5M(15M) 0.548ms
[47.787s][info][gc] GC(51) Pause Young (Allocation Failure) 9M->5M(15M) 0.565ms
[47.796s][info][gc] GC(52) Pause Young (Allocation Failure) 9M->5M(15M) 0.536ms
[47.806s][info][gc] GC(53) Pause Young (Allocation Failure) 9M->5M(15M) 0.598ms
[74.401s][info][gc] GC(54) Pause Young (Allocation Failure) 9M->5M(15M) 0.667ms
[105.948s][info][gc] GC(55) Pause Young (Allocation Failure) 9M->5M(15M) 0.683ms
[105.957s][info][gc] GC(56) Pause Young (Allocation Failure) 9M->5M(15M) 0.478ms
[105.965s][info][gc] GC(57) Pause Young (Allocation Failure) 9M->5M(15M) 0.465ms
[105.974s][info][gc] GC(58) Pause Young (Allocation Failure) 9M->5M(15M) 0.569ms
[105.983s][info][gc] GC(59) Pause Young (Allocation Failure) 9M->5M(15M) 0.498ms
[105.992s][info][gc] GC(60) Pause Young (Allocation Failure) 9M->5M(15M) 0.562ms
[106.000s][info][gc] GC(61) Pause Young (Allocation Failure) 9M->5M(15M) 0.447ms
[106.009s][info][gc] GC(62) Pause Young (Allocation Failure) 9M->5M(15M) 0.522ms
[106.019s][info][gc] GC(63) Pause Young (Allocation Failure) 9M->5M(15M) 0.533ms
[106.028s][info][gc] GC(64) Pause Young (Allocation Failure) 9M->5M(15M) 0.523ms
[106.036s][info][gc] GC(65) Pause Young (Allocation Failure) 9M->5M(15M) 0.457ms
[106.046s][info][gc] GC(66) Pause Young (Allocation Failure) 9M->5M(15M) 0.514ms
[106.055s][info][gc] GC(67) Pause Young (Allocation Failure) 9M->5M(15M) 0.617ms
[106.064s][info][gc] GC(68) Pause Young (Allocation Failure) 9M->5M(15M) 0.594ms
[106.072s][info][gc] GC(69) Pause Young (Allocation Failure) 9M->5M(15M) 0.637ms
[106.080s][info][gc] GC(70) Pause Young (Allocation Failure) 9M->5M(15M) 0.504ms
[106.089s][info][gc] GC(71) Pause Young (Allocation Failure) 9M->5M(15M) 0.524ms
[106.097s][info][gc] GC(72) Pause Young (Allocation Failure) 9M->5M(15M) 0.452ms
[106.105s][info][gc] GC(73) Pause Young (Allocation Failure) 9M->5M(15M) 0.543ms
[106.113s][info][gc] GC(74) Pause Young (Allocation Failure) 9M->5M(15M) 0.440ms
[106.121s][info][gc] GC(75) Pause Young (Allocation Failure) 9M->5M(15M) 0.415ms
[106.129s][info][gc] GC(76) Pause Young (Allocation Failure) 9M->5M(15M) 0.449ms
[106.138s][info][gc] GC(77) Pause Young (Allocation Failure) 9M->5M(15M) 0.572ms
[106.146s][info][gc] GC(78) Pause Young (Allocation Failure) 9M->5M(15M) 0.486ms
[106.154s][info][gc] GC(79) Pause Young (Allocation Failure) 9M->5M(15M) 0.435ms
[106.162s][info][gc] GC(80) Pause Young (Allocation Failure) 9M->5M(15M) 0.473ms
[106.170s][info][gc] GC(81) Pause Young (Allocation Failure) 9M->5M(15M) 0.550ms
[106.178s][info][gc] GC(82) Pause Young (Allocation Failure) 9M->5M(15M) 0.455ms
[106.186s][info][gc] GC(83) Pause Young (Allocation Failure) 9M->5M(15M) 0.414ms
[106.194s][info][gc] GC(84) Pause Young (Allocation Failure) 9M->5M(15M) 0.421ms
[106.202s][info][gc] GC(85) Pause Young (Allocation Failure) 9M->5M(15M) 0.478ms
[106.209s][info][gc] GC(86) Pause Young (Allocation Failure) 9M->5M(15M) 0.460ms
[106.217s][info][gc] GC(87) Pause Young (Allocation Failure) 9M->5M(15M) 0.415ms
[106.225s][info][gc] GC(88) Pause Young (Allocation Failure) 9M->5M(15M) 0.440ms
[106.233s][info][gc] GC(89) Pause Young (Allocation Failure) 9M->5M(15M) 0.394ms
[106.241s][info][gc] GC(90) Pause Young (Allocation Failure) 9M->5M(15M) 0.435ms
[106.249s][info][gc] GC(91) Pause Young (Allocation Failure) 9M->5M(15M) 0.411ms
[106.256s][info][gc] GC(92) Pause Young (Allocation Failure) 9M->5M(15M) 0.449ms
[106.264s][info][gc] GC(93) Pause Young (Allocation Failure) 9M->5M(15M) 0.485ms
[106.272s][info][gc] GC(94) Pause Young (Allocation Failure) 10M->5M(15M) 0.485ms
[106.280s][info][gc] GC(95) Pause Young (Allocation Failure) 10M->5M(15M) 0.503ms
[106.287s][info][gc] GC(96) Pause Young (Allocation Failure) 10M->5M(15M) 0.370ms
[106.295s][info][gc] GC(97) Pause Young (Allocation Failure) 10M->5M(15M) 0.455ms
[106.303s][info][gc] GC(98) Pause Young (Allocation Failure) 10M->5M(15M) 0.385ms
[106.311s][info][gc] GC(99) Pause Young (Allocation Failure) 10M->5M(15M) 0.494ms
[106.319s][info][gc] GC(100) Pause Young (Allocation Failure) 10M->5M(15M) 0.486ms
[106.327s][info][gc] GC(101) Pause Young (Allocation Failure) 10M->5M(15M) 0.538ms
[106.334s][info][gc] GC(102) Pause Young (Allocation Failure) 10M->5M(15M) 0.437ms
[113.416s][info][gc] GC(103) Pause Young (Allocation Failure) 10M->5M(15M) 0.590ms
[152.429s][info][gc] GC(104) Pause Young (Allocation Failure) 10M->5M(15M) 0.421ms
